RTABMAP DB File Found!

RTABMAP DB NOT File Found!

Checking: C:/Users/jayry/Documents/GitHub/dsc180a0201checkpoint2/test/testdata\rtabmap_gt.txt
Number of Required Columns Needed: 8
Number of Columns Found:8


RTABMAP DB NOT File Found!

Checking: C:/Users/jayry/Documents/GitHub/dsc180a0201checkpoint2/test/testdata\rtabmap_odom.txt
Number of Required Columns Needed: 8
Number of Columns Found:8


RTABMAP DB NOT File Found!

Checking: C:/Users/jayry/Documents/GitHub/dsc180a0201checkpoint2/test/testdata\rtabmap_slam.txt
Number of Required Columns Needed: 8
Number of Columns Found:8


